// Jest Snapshot v1, https://goo.gl/fbAQLP

exports[`Should render ExpenseListItem with expenses 1`] = `
<Link
  className="expense-list-item"
  replace={false}
  to="/edit/2"
>
  <div
    className="expense-list-exp"
  >
    <h3>
      Gas bill
    </h3>
    <p>
      01. January 1970.
    </p>
  </div>
  <h3
    className="expense-list-amount"
  >
    $2,500.00
  </h3>
</Link>
`;
