// Jest Snapshot v1, https://goo.gl/fbAQLP

exports[`Should render ExpenseList with expenses 1`] = `
<div>
  <ExpenseListItem
    amount={1520}
    createdAt={-172800000}
    description="Water bill"
    id="1"
    key="1"
    note="Last months bill"
  />
  <ExpenseListItem
    amount={2500}
    createdAt={0}
    description="Gas bill"
    id="2"
    key="2"
    note=""
  />
  <ExpenseListItem
    amount={2000}
    createdAt={172800000}
    description="Rent"
    id="3"
    key="3"
    note="Last months rent"
  />
</div>
`;

exports[`Should render ExpenseList with no expenses 1`] = `
<div>
  <p>
    No expenses
  </p>
</div>
`;
